// Jest Snapshot v1, https://goo.gl/fbAQLP

exports[`Exports are all available 1`] = `
Object {
  "AbstractAction": [Function],
}
`;
